[INFO] Scanning for projects...
[INFO] 
[INFO] -----------------------< com.example:resolveit >------------------------
[INFO] Building resolveit 0.0.1-SNAPSHOT
[INFO]   from pom.xml
[INFO] --------------------------------[ jar ]---------------------------------
[INFO] 
[INFO] --- resources:3.3.1:resources (default-resources) @ resolveit ---
[INFO] Copying 1 resource from src\main\resources to target\classes
[INFO] Copying 10 resources from src\main\resources to target\classes
[INFO] 
[INFO] --- compiler:3.13.0:compile (default-compile) @ resolveit ---
[INFO] Nothing to compile - all classes are up to date.
[INFO] ------------------------------------------------------------------------
[INFO] BUILD SUCCESS
[INFO] ------------------------------------------------------------------------
[INFO] Total time:  1.439 s
[INFO] Finished at: 2026-03-17T11:29:45+05:30
[INFO] ------------------------------------------------------------------------
