[INFO] Scanning for projects...
[INFO] 
[INFO] -----------------------< com.example:resolveit >------------------------
[INFO] Building resolveit 0.0.1-SNAPSHOT
[INFO]   from pom.xml
[INFO] --------------------------------[ jar ]---------------------------------
[INFO] 
[INFO] --- clean:3.4.0:clean (default-clean) @ resolveit ---
[INFO] Deleting D:\Infosys Intenship\Resloveit\target
[INFO] 
[INFO] --- resources:3.3.1:resources (default-resources) @ resolveit ---
[INFO] Copying 1 resource from src\main\resources to target\classes
[INFO] Copying 10 resources from src\main\resources to target\classes
[INFO] 
[INFO] --- compiler:3.13.0:compile (default-compile) @ resolveit ---
[INFO] Recompiling the module because of changed source code.
[INFO] Compiling 18 source files with javac [debug parameters release 21] to target\classes
[INFO] ------------------------------------------------------------------------
[INFO] BUILD SUCCESS
[INFO] ------------------------------------------------------------------------
[INFO] Total time:  5.242 s
[INFO] Finished at: 2026-03-17T12:13:29+05:30
[INFO] ------------------------------------------------------------------------
